// Jest Snapshot v1, https://goo.gl/fbAQLP

exports[`renders snapshot correctly 1`] = `
<div
  className="HomePage"
>
  <div
    className="nav nav-tabs"
  >
    <li
      className="nav-item"
    >
      <a
        className="nav-link active"
        href="/"
        onClick={[Function]}
      >
         
        Speed Test
         
      </a>
    </li>
    <li
      className="nav-item"
    >
      <a
        className="nav-link "
        href="/Stats"
        onClick={[Function]}
      >
         
        Statistics
         
      </a>
    </li>
    <li
      className="nav-item"
    >
      <a
        className="nav-link "
        href="/Info"
        onClick={[Function]}
      >
         
        More Info
         
      </a>
    </li>
  </div>
  <h1
    className="greeting page-header text-center"
  >
    Welcome to NanoSpeed.live!
  </h1>
  <div
    className="container"
  >
    <div
      className="row"
    >
      <div
        className="col-md-12 text-center"
      >
        <button
          className="btn btn-success btn-circle btn-xl"
          onClick={[Function]}
          type="button"
        >
          Go
        </button>
        <br />
        <p
          className="greeting"
        >
          Run your live test now.
        </p>
      </div>
    </div>
    <div />
  </div>
</div>
`;
