// Jest Snapshot v1, https://goo.gl/fbAQLP

exports[`renders snapshot correctly 1`] = `
<div
  className="StatsPage"
>
  <div
    className="nav nav-tabs"
  >
    <li
      className="nav-item"
    >
      <a
        className="nav-link active"
        href="/"
        onClick={[Function]}
      >
         
        Speed Test
         
      </a>
    </li>
    <li
      className="nav-item"
    >
      <a
        className="nav-link "
        href="/Stats"
        onClick={[Function]}
      >
         
        Statistics
         
      </a>
    </li>
    <li
      className="nav-item"
    >
      <a
        className="nav-link "
        href="/Info"
        onClick={[Function]}
      >
         
        More Info
         
      </a>
    </li>
  </div>
  <div>
    <h2
      className="map-header page-header text-left"
    >
      Sent from 
      Mumbai
       to 
      Virginia
    </h2>
    <div
      className="nano-container"
    >
      <div
        className="GoogleMapsContainer"
      >
        <div
          className="GoogleMapsElement"
        />
        <div />
      </div>
    </div>
    <div
      className="nano-container"
    >
      <table
        className="table"
      >
        <thead>
          <tr>
            <th
              scope="col"
            >
              #
            </th>
            <th
              scope="col"
            >
              Hash
            </th>
            <th
              scope="col"
            >
              Origin
            </th>
            <th
              scope="col"
            >
              Destination
            </th>
            <th
              scope="col"
            >
              Elapsed Time
            </th>
            <th
              scope="col"
            >
              Amount
            </th>
            <th
              scope="col"
            >
              Completed
            </th>
          </tr>
        </thead>
        <tbody>
          <tr>
            <th
              scope="row"
            >
              1
            </th>
            <td>
              abc123
            </td>
            <td>
              SF
            </td>
            <td>
              LA
            </td>
            <td>
               Seconds
            </td>
            <td />
            <td />
          </tr>
        </tbody>
      </table>
    </div>
  </div>
</div>
`;
